// Vitest Snapshot v1, https://vitest.dev/guide/snapshot.html

exports[`ecc-agent-templates.json > snapshots template IDs and model tiers 1`] = `
[
  {
    "id": "ecc-planner",
    "modelTier": "opus",
  },
  {
    "id": "ecc-architect",
    "modelTier": "opus",
  },
  {
    "id": "ecc-chief-of-staff",
    "modelTier": "opus",
  },
  {
    "id": "ecc-meta-orchestrator",
    "modelTier": "opus",
  },
  {
    "id": "ecc-code-reviewer",
    "modelTier": "sonnet",
  },
  {
    "id": "ecc-tdd-guide",
    "modelTier": "sonnet",
  },
  {
    "id": "ecc-security-reviewer",
    "modelTier": "sonnet",
  },
  {
    "id": "ecc-build-error-resolver",
    "modelTier": "sonnet",
  },
  {
    "id": "ecc-database-reviewer",
    "modelTier": "sonnet",
  },
  {
    "id": "ecc-e2e-runner",
    "modelTier": "sonnet",
  },
  {
    "id": "ecc-refactor-cleaner",
    "modelTier": "sonnet",
  },
  {
    "id": "ecc-go-reviewer",
    "modelTier": "sonnet",
  },
  {
    "id": "ecc-python-reviewer",
    "modelTier": "sonnet",
  },
  {
    "id": "ecc-doc-updater",
    "modelTier": "haiku",
  },
  {
    "id": "ecc-go-build-resolver",
    "modelTier": "haiku",
  },
  {
    "id": "ecc-accessibility-auditor",
    "modelTier": "haiku",
  },
  {
    "id": "ecc-api-tester",
    "modelTier": "haiku",
  },
  {
    "id": "ecc-evidence-collector",
    "modelTier": "haiku",
  },
  {
    "id": "ecc-performance-benchmarker",
    "modelTier": "haiku",
  },
  {
    "id": "ecc-reality-checker",
    "modelTier": "haiku",
  },
  {
    "id": "ecc-test-results-analyzer",
    "modelTier": "haiku",
  },
  {
    "id": "ecc-tool-evaluator",
    "modelTier": "haiku",
  },
  {
    "id": "ecc-workflow-optimizer",
    "modelTier": "haiku",
  },
  {
    "id": "ecc-frontend-developer",
    "modelTier": "sonnet",
  },
  {
    "id": "ecc-security-engineer",
    "modelTier": "sonnet",
  },
  {
    "id": "ecc-tdd-pipeline",
    "modelTier": "sonnet",
  },
  {
    "id": "ecc-full-dev-workflow",
    "modelTier": "sonnet",
  },
  {
    "id": "ecc-security-audit",
    "modelTier": "sonnet",
  },
  {
    "id": "ecc-code-review-pipeline",
    "modelTier": "sonnet",
  },
]
`;
